

 Start  Stop   Length Name                   Class
 00000H 001A8H 001A9H MAIN_                  CODE
 001A9H 020CBH 01F23H _TEXT                  CODE
 020CCH 02759H 0068EH AUXVQQ_CODE            CODE
 0275AH 02CE6H 0058DH LIOVQQ_CODE            CODE
 02CE8H 03260H 00579H RLIVQQ_CODE            CODE
 03262H 03876H 00615H RLOVQQ_CODE            CODE
 03877H 03899H 00023H EXIT_TEXT              CODE
 0389AH 03A3BH 001A2H CONUXU_CODE            CODE
 03A3CH 046B9H 00C7EH FILUQQ_CODE            CODE
 046BAH 049F3H 0033AH AUXUXU_CODE            CODE
 049F4H 04CD7H 002E4H FMRC_CODE              CODE
 04CD8H 050B7H 003E0H LONCQQ_CODE            CODE
 050B8H 050E9H 00032H MISOQQ_CODE            CODE
 050EAH 0556CH 00483H FORUXU_CODE            CODE
 0556EH 0568DH 00120H DPSVQQ_CODE            CODE
 0568EH 06910H 01283H FILVQQ_CODE            CODE
 06912H 06B54H 00243H ERREQQ_CODE            CODE
 06B56H 06C39H 000E4H HEAHQQ_CODE            CODE
 06C3AH 06D6BH 00132H MISYQQ_CODE            CODE
 06D6CH 06E23H 000B8H CINHERIT_TEXT          CODE
 06E24H 06EF0H 000CDH MISHQQ_CODE            CODE
 06F00H 091B1H 022B2H EMULATOR_TEXT          CODE
 091B2H 091B2H 00000H C_ETEXT                ENDCODE
 091C0H 091C0H 00000H __FBSS                 FAR_BSS
 091C0H 0930FH 00150H EMULATOR_DATA          FAR_DATA
 09310H 0935FH 00050H NULL                   BEGDATA
 09360H 09DCBH 00A6CH _DATA                  DATA
 09DCCH 09DCCH 00000H COMADS                 DATA
 09DCCH 09DCCH 00000H XIB                    DATA
 09DCCH 09DCFH 00004H XI                     DATA
 09DD0H 09DD0H 00000H XIE                    DATA
 09DD0H 09DD0H 00000H XCB                    DATA
 09DD0H 09DD3H 00004H XC                     DATA
 09DD4H 09DD4H 00000H XCE                    DATA
 09DD4H 09DD4H 00000H P1IB                   DATA
 09DD4H 09DD7H 00004H P1I                    DATA
 09DD8H 09DD8H 00000H P1IE                   DATA
 09DD8H 09DD8H 00000H P2IB                   DATA
 09DD8H 09DD8H 00000H P2I                    DATA
 09DD8H 09DD8H 00000H P2IE                   DATA
 09DD8H 09DD8H 00000H P3IB                   DATA
 09DD8H 09DDBH 00004H P3I                    DATA
 09DDCH 09DDCH 00000H P3IE                   DATA
 09DDCH 09DDCH 00000H P1CB                   DATA
 09DDCH 09DDFH 00004H P1C                    DATA
 09DE0H 09DE0H 00000H P1CE                   DATA
 09DE0H 09DE0H 00000H P2CB                   DATA
 09DE0H 09DE0H 00000H P2C                    DATA
 09DE0H 09DE0H 00000H P2CE                   DATA
 09DE0H 09DE0H 00000H P3CB                   DATA
 09DE0H 09DE3H 00004H P3C                    DATA
 09DE4H 09DE4H 00000H P3CE                   DATA
 09DE4H 09DF1H 0000EH CDATA                  DATA
 09DF2H 0A00DH 0021CH CONST                  CONST
 0A00EH 0A00EH 00000H EDATA                  ENDDATA
 0A00EH 0A00EH 00000H EEND                   ENDBSS
 0A00EH 0A00EH 00000H _BSS                   BSS
 0A010H 0A80FH 00800H STACK                  STACK

 Origin   Group
 0931:0   DGROUP

Program entry point at 001A:08EE
